[dotenv@17.2.3] injecting env (7) from .env -- tip: ≡ƒôí add observability to secrets: https://dotenvx.com/ops
Γÿü∩╕Å Initializing Cloudinary with Cloud Name: df7lukf8a
Test server on 3007
node : Test failed: 
Cannot find module 
'form-data'
At line:1 char:1
+ node 
test_upload_logic.js > 
test_output.txt 2>&1
+ ~~~~~~~~~~~~~~~~~~~~~
~~~~~~~~~~~~~~~~~~~~~~~
~~~~
    + CategoryInfo     
         : NotSpecifi  
  ed: (Test failed:    
 Ca...ule 'form-dat    
a':String) [], Rem    
oteException
    + FullyQualifiedEr 
   rorId : NativeComm  
  andError
 
Require stack:
- C:\MyProjects\OfficeP
rojects\ATS\Backend\tes
t_upload_logic.js
